make OBJ_DIR=obj-native CC=clang CXX=clang++ main-real
make[1]: Entering directory '/home/smueller/Dropbox/Research/pebl/pebl'
Updating %.h
clang++   -O3   -DPEBL_MIXER   -DPEBL_HTTP    -DPEBL_UNIX -DPEBL_LINUX -DENABLE_BINRELOC -DPREFIX=/usr/local/ -DEXECNAME=pebl2 -DPEBLNAME=pebl2 -DPEBLDIRNAME="pebl2" -DPEBL_VERSION=\"2.2\" -DHTTP_LIB=2 -g -c src/apps/PEBL.cpp  -o obj-native/src/apps/PEBL.o  -I/usr/include/SDL2 -I/usr/local/include -D_REENTRANT 
Updating %.h
clang++   -O3   -DPEBL_MIXER   -DPEBL_HTTP    -DPEBL_UNIX -DPEBL_LINUX -DENABLE_BINRELOC -DPREFIX=/usr/local/ -DEXECNAME=pebl2 -DPEBLNAME=pebl2 -DPEBLDIRNAME="pebl2" -DPEBL_VERSION=\"2.2\" -DHTTP_LIB=2 -g -c src/base/Evaluator.cpp  -o obj-native/src/base/Evaluator.o  -I/usr/include/SDL2 -I/usr/local/include -D_REENTRANT 
clang++   -O3   -DPEBL_MIXER   -DPEBL_HTTP    -DPEBL_UNIX -DPEBL_LINUX -DENABLE_BINRELOC -DPREFIX=/usr/local/ -DEXECNAME=pebl2 -DPEBLNAME=pebl2 -DPEBLDIRNAME="pebl2" -DPEBL_VERSION=\"2.2\" -DHTTP_LIB=2 -g -c src/base/FunctionMap.cpp  -o obj-native/src/base/FunctionMap.o  -I/usr/include/SDL2 -I/usr/local/include -D_REENTRANT 
clang++   -O3   -DPEBL_MIXER   -DPEBL_HTTP    -DPEBL_UNIX -DPEBL_LINUX -DENABLE_BINRELOC -DPREFIX=/usr/local/ -DEXECNAME=pebl2 -DPEBLNAME=pebl2 -DPEBLDIRNAME="pebl2" -DPEBL_VERSION=\"2.2\" -DHTTP_LIB=2 -g -c src/base/grammar.tab.cpp  -o obj-native/src/base/grammar.tab.o  -I/usr/include/SDL2 -I/usr/local/include -D_REENTRANT 
clang++   -O3   -DPEBL_MIXER   -DPEBL_HTTP    -DPEBL_UNIX -DPEBL_LINUX -DENABLE_BINRELOC -DPREFIX=/usr/local/ -DEXECNAME=pebl2 -DPEBLNAME=pebl2 -DPEBLDIRNAME="pebl2" -DPEBL_VERSION=\"2.2\" -DHTTP_LIB=2 -g -c src/base/PEBLObject.cpp  -o obj-native/src/base/PEBLObject.o  -I/usr/include/SDL2 -I/usr/local/include -D_REENTRANT 
clang++   -O3   -DPEBL_MIXER   -DPEBL_HTTP    -DPEBL_UNIX -DPEBL_LINUX -DENABLE_BINRELOC -DPREFIX=/usr/local/ -DEXECNAME=pebl2 -DPEBLNAME=pebl2 -DPEBLDIRNAME="pebl2" -DPEBL_VERSION=\"2.2\" -DHTTP_LIB=2 -g -c src/base/Loader.cpp  -o obj-native/src/base/Loader.o  -I/usr/include/SDL2 -I/usr/local/include -D_REENTRANT
clang++   -O3   -DPEBL_MIXER   -DPEBL_HTTP    -DPEBL_UNIX -DPEBL_LINUX -DENABLE_BINRELOC -DPREFIX=/usr/local/ -DEXECNAME=pebl2 -DPEBLNAME=pebl2 -DPEBLDIRNAME="pebl2" -DPEBL_VERSION=\"2.2\" -DHTTP_LIB=2 -g -c src/base/PComplexData.cpp  -o obj-native/src/base/PComplexData.o  -I/usr/include/SDL2 -I/usr/local/include -D_REENTRANT 
clang++   -O3   -DPEBL_MIXER   -DPEBL_HTTP    -DPEBL_UNIX -DPEBL_LINUX -DENABLE_BINRELOC -DPREFIX=/usr/local/ -DEXECNAME=pebl2 -DPEBLNAME=pebl2 -DPEBLDIRNAME="pebl2" -DPEBL_VERSION=\"2.2\" -DHTTP_LIB=2 -g -c src/base/PList.cpp  -o obj-native/src/base/PList.o  -I/usr/include/SDL2 -I/usr/local/include -D_REENTRANT 
clang++   -O3   -DPEBL_MIXER   -DPEBL_HTTP    -DPEBL_UNIX -DPEBL_LINUX -DENABLE_BINRELOC -DPREFIX=/usr/local/ -DEXECNAME=pebl2 -DPEBLNAME=pebl2 -DPEBLDIRNAME="pebl2" -DPEBL_VERSION=\"2.2\" -DHTTP_LIB=2 -g -c src/base/PNode.cpp  -o obj-native/src/base/PNode.o  -I/usr/include/SDL2 -I/usr/local/include -D_REENTRANT 
clang++   -O3   -DPEBL_MIXER   -DPEBL_HTTP    -DPEBL_UNIX -DPEBL_LINUX -DENABLE_BINRELOC -DPREFIX=/usr/local/ -DEXECNAME=pebl2 -DPEBLNAME=pebl2 -DPEBLDIRNAME="pebl2" -DPEBL_VERSION=\"2.2\" -DHTTP_LIB=2 -g -c src/base/VariableMap.cpp  -o obj-native/src/base/VariableMap.o  -I/usr/include/SDL2 -I/usr/local/include -D_REENTRANT 
clang++   -O3   -DPEBL_MIXER   -DPEBL_HTTP    -DPEBL_UNIX -DPEBL_LINUX -DENABLE_BINRELOC -DPREFIX=/usr/local/ -DEXECNAME=pebl2 -DPEBLNAME=pebl2 -DPEBLDIRNAME="pebl2" -DPEBL_VERSION=\"2.2\" -DHTTP_LIB=2 -g -c src/base/Variant.cpp  -o obj-native/src/base/Variant.o  -I/usr/include/SDL2 -I/usr/local/include -D_REENTRANT 
clang++   -O3   -DPEBL_MIXER   -DPEBL_HTTP    -DPEBL_UNIX -DPEBL_LINUX -DENABLE_BINRELOC -DPREFIX=/usr/local/ -DEXECNAME=pebl2 -DPEBLNAME=pebl2 -DPEBLDIRNAME="pebl2" -DPEBL_VERSION=\"2.2\" -DHTTP_LIB=2 -g -c src/devices/PEventLoop.cpp  -o obj-native/src/devices/PEventLoop.o  -I/usr/include/SDL2 -I/usr/local/include -D_REENTRANT 
clang++   -O3   -DPEBL_MIXER   -DPEBL_HTTP    -DPEBL_UNIX -DPEBL_LINUX -DENABLE_BINRELOC -DPREFIX=/usr/local/ -DEXECNAME=pebl2 -DPEBLNAME=pebl2 -DPEBLDIRNAME="pebl2" -DPEBL_VERSION=\"2.2\" -DHTTP_LIB=2 -g -c src/devices/PDevice.cpp  -o obj-native/src/devices/PDevice.o  -I/usr/include/SDL2 -I/usr/local/include -D_REENTRANT 
clang++   -O3   -DPEBL_MIXER   -DPEBL_HTTP    -DPEBL_UNIX -DPEBL_LINUX -DENABLE_BINRELOC -DPREFIX=/usr/local/ -DEXECNAME=pebl2 -DPEBLNAME=pebl2 -DPEBLDIRNAME="pebl2" -DPEBL_VERSION=\"2.2\" -DHTTP_LIB=2 -g -c src/devices/PEventQueue.cpp  -o obj-native/src/devices/PEventQueue.o  -I/usr/include/SDL2 -I/usr/local/include -D_REENTRANT 
clang++   -O3   -DPEBL_MIXER   -DPEBL_HTTP    -DPEBL_UNIX -DPEBL_LINUX -DENABLE_BINRELOC -DPREFIX=/usr/local/ -DEXECNAME=pebl2 -DPEBLNAME=pebl2 -DPEBLDIRNAME="pebl2" -DPEBL_VERSION=\"2.2\" -DHTTP_LIB=2 -g -c src/devices/PEvent.cpp  -o obj-native/src/devices/PEvent.o  -I/usr/include/SDL2 -I/usr/local/include -D_REENTRANT 
clang++   -O3   -DPEBL_MIXER   -DPEBL_HTTP    -DPEBL_UNIX -DPEBL_LINUX -DENABLE_BINRELOC -DPREFIX=/usr/local/ -DEXECNAME=pebl2 -DPEBLNAME=pebl2 -DPEBLDIRNAME="pebl2" -DPEBL_VERSION=\"2.2\" -DHTTP_LIB=2 -g -c src/devices/PKeyboard.cpp  -o obj-native/src/devices/PKeyboard.o  -I/usr/include/SDL2 -I/usr/local/include -D_REENTRANT 
clang++   -O3   -DPEBL_MIXER   -DPEBL_HTTP    -DPEBL_UNIX -DPEBL_LINUX -DENABLE_BINRELOC -DPREFIX=/usr/local/ -DEXECNAME=pebl2 -DPEBLNAME=pebl2 -DPEBLDIRNAME="pebl2" -DPEBL_VERSION=\"2.2\" -DHTTP_LIB=2 -g -c src/devices/PTimer.cpp  -o obj-native/src/devices/PTimer.o  -I/usr/include/SDL2 -I/usr/local/include -D_REENTRANT 
clang++   -O3   -DPEBL_MIXER   -DPEBL_HTTP    -DPEBL_UNIX -DPEBL_LINUX -DENABLE_BINRELOC -DPREFIX=/usr/local/ -DEXECNAME=pebl2 -DPEBLNAME=pebl2 -DPEBLDIRNAME="pebl2" -DPEBL_VERSION=\"2.2\" -DHTTP_LIB=2 -g -c src/devices/DeviceState.cpp  -o obj-native/src/devices/DeviceState.o  -I/usr/include/SDL2 -I/usr/local/include -D_REENTRANT 
clang++   -O3   -DPEBL_MIXER   -DPEBL_HTTP    -DPEBL_UNIX -DPEBL_LINUX -DENABLE_BINRELOC -DPREFIX=/usr/local/ -DEXECNAME=pebl2 -DPEBLNAME=pebl2 -DPEBLDIRNAME="pebl2" -DPEBL_VERSION=\"2.2\" -DHTTP_LIB=2 -g -c src/devices/PStream.cpp  -o obj-native/src/devices/PStream.o  -I/usr/include/SDL2 -I/usr/local/include -D_REENTRANT 
clang++   -O3   -DPEBL_MIXER   -DPEBL_HTTP    -DPEBL_UNIX -DPEBL_LINUX -DENABLE_BINRELOC -DPREFIX=/usr/local/ -DEXECNAME=pebl2 -DPEBLNAME=pebl2 -DPEBLDIRNAME="pebl2" -DPEBL_VERSION=\"2.2\" -DHTTP_LIB=2 -g -c src/devices/PAudioOut.cpp  -o obj-native/src/devices/PAudioOut.o  -I/usr/include/SDL2 -I/usr/local/include -D_REENTRANT 
clang++   -O3   -DPEBL_MIXER   -DPEBL_HTTP    -DPEBL_UNIX -DPEBL_LINUX -DENABLE_BINRELOC -DPREFIX=/usr/local/ -DEXECNAME=pebl2 -DPEBLNAME=pebl2 -DPEBLDIRNAME="pebl2" -DPEBL_VERSION=\"2.2\" -DHTTP_LIB=2 -g -c src/devices/PNetwork.cpp  -o obj-native/src/devices/PNetwork.o  -I/usr/include/SDL2 -I/usr/local/include -D_REENTRANT 
clang++   -O3   -DPEBL_MIXER   -DPEBL_HTTP    -DPEBL_UNIX -DPEBL_LINUX -DENABLE_BINRELOC -DPREFIX=/usr/local/ -DEXECNAME=pebl2 -DPEBLNAME=pebl2 -DPEBLDIRNAME="pebl2" -DPEBL_VERSION=\"2.2\" -DHTTP_LIB=2 -g -c src/devices/PJoystick.cpp  -o obj-native/src/devices/PJoystick.o  -I/usr/include/SDL2 -I/usr/local/include -D_REENTRANT 
clang++   -O3   -DPEBL_MIXER   -DPEBL_HTTP    -DPEBL_UNIX -DPEBL_LINUX -DENABLE_BINRELOC -DPREFIX=/usr/local/ -DEXECNAME=pebl2 -DPEBLNAME=pebl2 -DPEBLDIRNAME="pebl2" -DPEBL_VERSION=\"2.2\" -DHTTP_LIB=2 -g -c src/devices/PParallelPort.cpp  -o obj-native/src/devices/PParallelPort.o  -I/usr/include/SDL2 -I/usr/local/include -D_REENTRANT 
clang++   -O3   -DPEBL_MIXER   -DPEBL_HTTP    -DPEBL_UNIX -DPEBL_LINUX -DENABLE_BINRELOC -DPREFIX=/usr/local/ -DEXECNAME=pebl2 -DPEBLNAME=pebl2 -DPEBLDIRNAME="pebl2" -DPEBL_VERSION=\"2.2\" -DHTTP_LIB=2 -g -c src/devices/PComPort.cpp  -o obj-native/src/devices/PComPort.o  -I/usr/include/SDL2 -I/usr/local/include -D_REENTRANT 
clang++   -O3   -DPEBL_MIXER   -DPEBL_HTTP    -DPEBL_UNIX -DPEBL_LINUX -DENABLE_BINRELOC -DPREFIX=/usr/local/ -DEXECNAME=pebl2 -DPEBLNAME=pebl2 -DPEBLDIRNAME="pebl2" -DPEBL_VERSION=\"2.2\" -DHTTP_LIB=2 -g -c src/devices/PEyeTracker.cpp  -o obj-native/src/devices/PEyeTracker.o  -I/usr/include/SDL2 -I/usr/local/include -D_REENTRANT 
clang++   -O3   -DPEBL_MIXER   -DPEBL_HTTP    -DPEBL_UNIX -DPEBL_LINUX -DENABLE_BINRELOC -DPREFIX=/usr/local/ -DEXECNAME=pebl2 -DPEBLNAME=pebl2 -DPEBLDIRNAME="pebl2" -DPEBL_VERSION=\"2.2\" -DHTTP_LIB=2 -g -c src/libs/PEBLMath.cpp  -o obj-native/src/libs/PEBLMath.o  -I/usr/include/SDL2 -I/usr/local/include -D_REENTRANT 
clang++   -O3   -DPEBL_MIXER   -DPEBL_HTTP    -DPEBL_UNIX -DPEBL_LINUX -DENABLE_BINRELOC -DPREFIX=/usr/local/ -DEXECNAME=pebl2 -DPEBLNAME=pebl2 -DPEBLDIRNAME="pebl2" -DPEBL_VERSION=\"2.2\" -DHTTP_LIB=2 -g -c src/libs/PEBLStream.cpp  -o obj-native/src/libs/PEBLStream.o  -I/usr/include/SDL2 -I/usr/local/include -D_REENTRANT 
clang++   -O3   -DPEBL_MIXER   -DPEBL_HTTP    -DPEBL_UNIX -DPEBL_LINUX -DENABLE_BINRELOC -DPREFIX=/usr/local/ -DEXECNAME=pebl2 -DPEBLNAME=pebl2 -DPEBLDIRNAME="pebl2" -DPEBL_VERSION=\"2.2\" -DHTTP_LIB=2 -g -c src/libs/PEBLObjects.cpp  -o obj-native/src/libs/PEBLObjects.o  -I/usr/include/SDL2 -I/usr/local/include -D_REENTRANT 
clang++   -O3   -DPEBL_MIXER   -DPEBL_HTTP    -DPEBL_UNIX -DPEBL_LINUX -DENABLE_BINRELOC -DPREFIX=/usr/local/ -DEXECNAME=pebl2 -DPEBLNAME=pebl2 -DPEBLDIRNAME="pebl2" -DPEBL_VERSION=\"2.2\" -DHTTP_LIB=2 -g -c src/libs/PEBLEnvironment.cpp  -o obj-native/src/libs/PEBLEnvironment.o  -I/usr/include/SDL2 -I/usr/local/include -D_REENTRANT 
clang++   -O3   -DPEBL_MIXER   -DPEBL_HTTP    -DPEBL_UNIX -DPEBL_LINUX -DENABLE_BINRELOC -DPREFIX=/usr/local/ -DEXECNAME=pebl2 -DPEBLNAME=pebl2 -DPEBLDIRNAME="pebl2" -DPEBL_VERSION=\"2.2\" -DHTTP_LIB=2 -g -c src/libs/PEBLList.cpp  -o obj-native/src/libs/PEBLList.o  -I/usr/include/SDL2 -I/usr/local/include -D_REENTRANT 
clang++   -O3   -DPEBL_MIXER   -DPEBL_HTTP    -DPEBL_UNIX -DPEBL_LINUX -DENABLE_BINRELOC -DPREFIX=/usr/local/ -DEXECNAME=pebl2 -DPEBLNAME=pebl2 -DPEBLDIRNAME="pebl2" -DPEBL_VERSION=\"2.2\" -DHTTP_LIB=2 -g -c src/libs/PEBLString.cpp  -o obj-native/src/libs/PEBLString.o  -I/usr/include/SDL2 -I/usr/local/include -D_REENTRANT 
clang++   -O3   -DPEBL_MIXER   -DPEBL_HTTP    -DPEBL_UNIX -DPEBL_LINUX -DENABLE_BINRELOC -DPREFIX=/usr/local/ -DEXECNAME=pebl2 -DPEBLNAME=pebl2 -DPEBLDIRNAME="pebl2" -DPEBL_VERSION=\"2.2\" -DHTTP_LIB=2 -g -c src/objects/PEnvironment.cpp  -o obj-native/src/objects/PEnvironment.o  -I/usr/include/SDL2 -I/usr/local/include -D_REENTRANT 
clang++   -O3   -DPEBL_MIXER   -DPEBL_HTTP    -DPEBL_UNIX -DPEBL_LINUX -DENABLE_BINRELOC -DPREFIX=/usr/local/ -DEXECNAME=pebl2 -DPEBLNAME=pebl2 -DPEBLDIRNAME="pebl2" -DPEBL_VERSION=\"2.2\" -DHTTP_LIB=2 -g -c src/objects/PWidget.cpp  -o obj-native/src/objects/PWidget.o  -I/usr/include/SDL2 -I/usr/local/include -D_REENTRANT 
clang++   -O3   -DPEBL_MIXER   -DPEBL_HTTP    -DPEBL_UNIX -DPEBL_LINUX -DENABLE_BINRELOC -DPREFIX=/usr/local/ -DEXECNAME=pebl2 -DPEBLNAME=pebl2 -DPEBLDIRNAME="pebl2" -DPEBL_VERSION=\"2.2\" -DHTTP_LIB=2 -g -c src/objects/PWindow.cpp  -o obj-native/src/objects/PWindow.o  -I/usr/include/SDL2 -I/usr/local/include -D_REENTRANT 
clang++   -O3   -DPEBL_MIXER   -DPEBL_HTTP    -DPEBL_UNIX -DPEBL_LINUX -DENABLE_BINRELOC -DPREFIX=/usr/local/ -DEXECNAME=pebl2 -DPEBLNAME=pebl2 -DPEBLDIRNAME="pebl2" -DPEBL_VERSION=\"2.2\" -DHTTP_LIB=2 -g -c src/objects/PImageBox.cpp  -o obj-native/src/objects/PImageBox.o  -I/usr/include/SDL2 -I/usr/local/include -D_REENTRANT 
clang++   -O3   -DPEBL_MIXER   -DPEBL_HTTP    -DPEBL_UNIX -DPEBL_LINUX -DENABLE_BINRELOC -DPREFIX=/usr/local/ -DEXECNAME=pebl2 -DPEBLNAME=pebl2 -DPEBLDIRNAME="pebl2" -DPEBL_VERSION=\"2.2\" -DHTTP_LIB=2 -g -c src/objects/PCanvas.cpp  -o obj-native/src/objects/PCanvas.o  -I/usr/include/SDL2 -I/usr/local/include -D_REENTRANT 
clang++   -O3   -DPEBL_MIXER   -DPEBL_HTTP    -DPEBL_UNIX -DPEBL_LINUX -DENABLE_BINRELOC -DPREFIX=/usr/local/ -DEXECNAME=pebl2 -DPEBLNAME=pebl2 -DPEBLDIRNAME="pebl2" -DPEBL_VERSION=\"2.2\" -DHTTP_LIB=2 -g -c src/objects/PColor.cpp  -o obj-native/src/objects/PColor.o  -I/usr/include/SDL2 -I/usr/local/include -D_REENTRANT 
clang++   -O3   -DPEBL_MIXER   -DPEBL_HTTP    -DPEBL_UNIX -DPEBL_LINUX -DENABLE_BINRELOC -DPREFIX=/usr/local/ -DEXECNAME=pebl2 -DPEBLNAME=pebl2 -DPEBLDIRNAME="pebl2" -DPEBL_VERSION=\"2.2\" -DHTTP_LIB=2 -g -c src/objects/PDrawObject.cpp  -o obj-native/src/objects/PDrawObject.o  -I/usr/include/SDL2 -I/usr/local/include -D_REENTRANT 
clang++   -O3   -DPEBL_MIXER   -DPEBL_HTTP    -DPEBL_UNIX -DPEBL_LINUX -DENABLE_BINRELOC -DPREFIX=/usr/local/ -DEXECNAME=pebl2 -DPEBLNAME=pebl2 -DPEBLDIRNAME="pebl2" -DPEBL_VERSION=\"2.2\" -DHTTP_LIB=2 -g -c src/objects/PFont.cpp  -o obj-native/src/objects/PFont.o  -I/usr/include/SDL2 -I/usr/local/include -D_REENTRANT 
clang++   -O3   -DPEBL_MIXER   -DPEBL_HTTP    -DPEBL_UNIX -DPEBL_LINUX -DENABLE_BINRELOC -DPREFIX=/usr/local/ -DEXECNAME=pebl2 -DPEBLNAME=pebl2 -DPEBLDIRNAME="pebl2" -DPEBL_VERSION=\"2.2\" -DHTTP_LIB=2 -g -c src/objects/PTextObject.cpp  -o obj-native/src/objects/PTextObject.o  -I/usr/include/SDL2 -I/usr/local/include -D_REENTRANT 
clang++   -O3   -DPEBL_MIXER   -DPEBL_HTTP    -DPEBL_UNIX -DPEBL_LINUX -DENABLE_BINRELOC -DPREFIX=/usr/local/ -DEXECNAME=pebl2 -DPEBLNAME=pebl2 -DPEBLDIRNAME="pebl2" -DPEBL_VERSION=\"2.2\" -DHTTP_LIB=2 -g -c src/objects/PLabel.cpp  -o obj-native/src/objects/PLabel.o  -I/usr/include/SDL2 -I/usr/local/include -D_REENTRANT 
clang++   -O3   -DPEBL_MIXER   -DPEBL_HTTP    -DPEBL_UNIX -DPEBL_LINUX -DENABLE_BINRELOC -DPREFIX=/usr/local/ -DEXECNAME=pebl2 -DPEBLNAME=pebl2 -DPEBLDIRNAME="pebl2" -DPEBL_VERSION=\"2.2\" -DHTTP_LIB=2 -g -c src/objects/PTextBox.cpp  -o obj-native/src/objects/PTextBox.o  -I/usr/include/SDL2 -I/usr/local/include -D_REENTRANT 
clang++   -O3   -DPEBL_MIXER   -DPEBL_HTTP    -DPEBL_UNIX -DPEBL_LINUX -DENABLE_BINRELOC -DPREFIX=/usr/local/ -DEXECNAME=pebl2 -DPEBLNAME=pebl2 -DPEBLDIRNAME="pebl2" -DPEBL_VERSION=\"2.2\" -DHTTP_LIB=2 -g -c src/objects/PMovie.cpp  -o obj-native/src/objects/PMovie.o  -I/usr/include/SDL2 -I/usr/local/include -D_REENTRANT 
clang++   -O3   -DPEBL_MIXER   -DPEBL_HTTP    -DPEBL_UNIX -DPEBL_LINUX -DENABLE_BINRELOC -DPREFIX=/usr/local/ -DEXECNAME=pebl2 -DPEBLNAME=pebl2 -DPEBLDIRNAME="pebl2" -DPEBL_VERSION=\"2.2\" -DHTTP_LIB=2 -g -c src/objects/PCustomObject.cpp  -o obj-native/src/objects/PCustomObject.o  -I/usr/include/SDL2 -I/usr/local/include -D_REENTRANT 
clang++   -O3   -DPEBL_MIXER   -DPEBL_HTTP    -DPEBL_UNIX -DPEBL_LINUX -DENABLE_BINRELOC -DPREFIX=/usr/local/ -DEXECNAME=pebl2 -DPEBLNAME=pebl2 -DPEBLDIRNAME="pebl2" -DPEBL_VERSION=\"2.2\" -DHTTP_LIB=2 -g -c src/utility/PEBLUtility.cpp  -o obj-native/src/utility/PEBLUtility.o  -I/usr/include/SDL2 -I/usr/local/include -D_REENTRANT 
clang++   -O3   -DPEBL_MIXER   -DPEBL_HTTP    -DPEBL_UNIX -DPEBL_LINUX -DENABLE_BINRELOC -DPREFIX=/usr/local/ -DEXECNAME=pebl2 -DPEBLNAME=pebl2 -DPEBLDIRNAME="pebl2" -DPEBL_VERSION=\"2.2\" -DHTTP_LIB=2 -g -c src/utility/PError.cpp  -o obj-native/src/utility/PError.o  -I/usr/include/SDL2 -I/usr/local/include -D_REENTRANT 
clang++   -O3   -DPEBL_MIXER   -DPEBL_HTTP    -DPEBL_UNIX -DPEBL_LINUX -DENABLE_BINRELOC -DPREFIX=/usr/local/ -DEXECNAME=pebl2 -DPEBLNAME=pebl2 -DPEBLDIRNAME="pebl2" -DPEBL_VERSION=\"2.2\" -DHTTP_LIB=2 -g -c src/utility/BinReloc.cpp  -o obj-native/src/utility/BinReloc.o  -I/usr/include/SDL2 -I/usr/local/include -D_REENTRANT 
clang++   -O3   -DPEBL_MIXER   -DPEBL_HTTP    -DPEBL_UNIX -DPEBL_LINUX -DENABLE_BINRELOC -DPREFIX=/usr/local/ -DEXECNAME=pebl2 -DPEBLNAME=pebl2 -DPEBLDIRNAME="pebl2" -DPEBL_VERSION=\"2.2\" -DHTTP_LIB=2 -g -c src/utility/PEBLPath.cpp  -o obj-native/src/utility/PEBLPath.o  -I/usr/include/SDL2 -I/usr/local/include -D_REENTRANT 
clang++   -O3   -DPEBL_MIXER   -DPEBL_HTTP    -DPEBL_UNIX -DPEBL_LINUX -DENABLE_BINRELOC -DPREFIX=/usr/local/ -DEXECNAME=pebl2 -DPEBLNAME=pebl2 -DPEBLDIRNAME="pebl2" -DPEBL_VERSION=\"2.2\" -DHTTP_LIB=2 -g -c src/utility/PEBLHTTP.cpp  -o obj-native/src/utility/PEBLHTTP.o  -I/usr/include/SDL2 -I/usr/local/include -D_REENTRANT 
clang++   -O3   -DPEBL_MIXER   -DPEBL_HTTP    -DPEBL_UNIX -DPEBL_LINUX -DENABLE_BINRELOC -DPREFIX=/usr/local/ -DEXECNAME=pebl2 -DPEBLNAME=pebl2 -DPEBLDIRNAME="pebl2" -DPEBL_VERSION=\"2.2\" -DHTTP_LIB=2 -g -c src/utility/md5.cpp  -o obj-native/src/utility/md5.o  -I/usr/include/SDL2 -I/usr/local/include -D_REENTRANT 
clang++   -O3   -DPEBL_MIXER   -DPEBL_HTTP    -DPEBL_UNIX -DPEBL_LINUX -DENABLE_BINRELOC -DPREFIX=/usr/local/ -DEXECNAME=pebl2 -DPEBLNAME=pebl2 -DPEBLDIRNAME="pebl2" -DPEBL_VERSION=\"2.2\" -DHTTP_LIB=2 -g -c src/utility/happyhttp.cpp  -o obj-native/src/utility/happyhttp.o  -I/usr/include/SDL2 -I/usr/local/include -D_REENTRANT 
clang++   -O3   -DPEBL_MIXER   -DPEBL_HTTP    -DPEBL_UNIX -DPEBL_LINUX -DENABLE_BINRELOC -DPREFIX=/usr/local/ -DEXECNAME=pebl2 -DPEBLNAME=pebl2 -DPEBLDIRNAME="pebl2" -DPEBL_VERSION=\"2.2\" -DHTTP_LIB=2 -g -c src/platforms/sdl/PlatformEnvironment.cpp  -o obj-native/src/platforms/sdl/PlatformEnvironment.o  -I/usr/include/SDL2 -I/usr/local/include -D_REENTRANT 
clang++   -O3   -DPEBL_MIXER   -DPEBL_HTTP    -DPEBL_UNIX -DPEBL_LINUX -DENABLE_BINRELOC -DPREFIX=/usr/local/ -DEXECNAME=pebl2 -DPEBLNAME=pebl2 -DPEBLDIRNAME="pebl2" -DPEBL_VERSION=\"2.2\" -DHTTP_LIB=2 -g -c src/platforms/sdl/PlatformWidget.cpp  -o obj-native/src/platforms/sdl/PlatformWidget.o  -I/usr/include/SDL2 -I/usr/local/include -D_REENTRANT 
clang++   -O3   -DPEBL_MIXER   -DPEBL_HTTP    -DPEBL_UNIX -DPEBL_LINUX -DENABLE_BINRELOC -DPREFIX=/usr/local/ -DEXECNAME=pebl2 -DPEBLNAME=pebl2 -DPEBLDIRNAME="pebl2" -DPEBL_VERSION=\"2.2\" -DHTTP_LIB=2 -g -c src/platforms/sdl/PlatformWindow.cpp  -o obj-native/src/platforms/sdl/PlatformWindow.o  -I/usr/include/SDL2 -I/usr/local/include -D_REENTRANT 
clang++   -O3   -DPEBL_MIXER   -DPEBL_HTTP    -DPEBL_UNIX -DPEBL_LINUX -DENABLE_BINRELOC -DPREFIX=/usr/local/ -DEXECNAME=pebl2 -DPEBLNAME=pebl2 -DPEBLDIRNAME="pebl2" -DPEBL_VERSION=\"2.2\" -DHTTP_LIB=2 -g -c src/platforms/sdl/PlatformImageBox.cpp  -o obj-native/src/platforms/sdl/PlatformImageBox.o  -I/usr/include/SDL2 -I/usr/local/include -D_REENTRANT 
clang++   -O3   -DPEBL_MIXER   -DPEBL_HTTP    -DPEBL_UNIX -DPEBL_LINUX -DENABLE_BINRELOC -DPREFIX=/usr/local/ -DEXECNAME=pebl2 -DPEBLNAME=pebl2 -DPEBLDIRNAME="pebl2" -DPEBL_VERSION=\"2.2\" -DHTTP_LIB=2 -g -c src/platforms/sdl/PlatformKeyboard.cpp  -o obj-native/src/platforms/sdl/PlatformKeyboard.o  -I/usr/include/SDL2 -I/usr/local/include -D_REENTRANT 
clang++   -O3   -DPEBL_MIXER   -DPEBL_HTTP    -DPEBL_UNIX -DPEBL_LINUX -DENABLE_BINRELOC -DPREFIX=/usr/local/ -DEXECNAME=pebl2 -DPEBLNAME=pebl2 -DPEBLDIRNAME="pebl2" -DPEBL_VERSION=\"2.2\" -DHTTP_LIB=2 -g -c src/platforms/sdl/PlatformFont.cpp  -o obj-native/src/platforms/sdl/PlatformFont.o  -I/usr/include/SDL2 -I/usr/local/include -D_REENTRANT 
clang++   -O3   -DPEBL_MIXER   -DPEBL_HTTP    -DPEBL_UNIX -DPEBL_LINUX -DENABLE_BINRELOC -DPREFIX=/usr/local/ -DEXECNAME=pebl2 -DPEBLNAME=pebl2 -DPEBLDIRNAME="pebl2" -DPEBL_VERSION=\"2.2\" -DHTTP_LIB=2 -g -c src/platforms/sdl/PlatformLabel.cpp  -o obj-native/src/platforms/sdl/PlatformLabel.o  -I/usr/include/SDL2 -I/usr/local/include -D_REENTRANT 
clang++   -O3   -DPEBL_MIXER   -DPEBL_HTTP    -DPEBL_UNIX -DPEBL_LINUX -DENABLE_BINRELOC -DPREFIX=/usr/local/ -DEXECNAME=pebl2 -DPEBLNAME=pebl2 -DPEBLDIRNAME="pebl2" -DPEBL_VERSION=\"2.2\" -DHTTP_LIB=2 -g -c src/platforms/sdl/PlatformTextBox.cpp  -o obj-native/src/platforms/sdl/PlatformTextBox.o  -I/usr/include/SDL2 -I/usr/local/include -D_REENTRANT 
clang++   -O3   -DPEBL_MIXER   -DPEBL_HTTP    -DPEBL_UNIX -DPEBL_LINUX -DENABLE_BINRELOC -DPREFIX=/usr/local/ -DEXECNAME=pebl2 -DPEBLNAME=pebl2 -DPEBLDIRNAME="pebl2" -DPEBL_VERSION=\"2.2\" -DHTTP_LIB=2 -g -c src/platforms/sdl/PlatformTimer.cpp  -o obj-native/src/platforms/sdl/PlatformTimer.o  -I/usr/include/SDL2 -I/usr/local/include -D_REENTRANT 
clang++   -O3   -DPEBL_MIXER   -DPEBL_HTTP    -DPEBL_UNIX -DPEBL_LINUX -DENABLE_BINRELOC -DPREFIX=/usr/local/ -DEXECNAME=pebl2 -DPEBLNAME=pebl2 -DPEBLDIRNAME="pebl2" -DPEBL_VERSION=\"2.2\" -DHTTP_LIB=2 -g -c src/platforms/sdl/PlatformDrawObject.cpp  -o obj-native/src/platforms/sdl/PlatformDrawObject.o  -I/usr/include/SDL2 -I/usr/local/include -D_REENTRANT 
clang++   -O3   -DPEBL_MIXER   -DPEBL_HTTP    -DPEBL_UNIX -DPEBL_LINUX -DENABLE_BINRELOC -DPREFIX=/usr/local/ -DEXECNAME=pebl2 -DPEBLNAME=pebl2 -DPEBLDIRNAME="pebl2" -DPEBL_VERSION=\"2.2\" -DHTTP_LIB=2 -g -c src/platforms/sdl/PlatformCanvas.cpp  -o obj-native/src/platforms/sdl/PlatformCanvas.o  -I/usr/include/SDL2 -I/usr/local/include -D_REENTRANT 
clang++   -O3   -DPEBL_MIXER   -DPEBL_HTTP    -DPEBL_UNIX -DPEBL_LINUX -DENABLE_BINRELOC -DPREFIX=/usr/local/ -DEXECNAME=pebl2 -DPEBLNAME=pebl2 -DPEBLDIRNAME="pebl2" -DPEBL_VERSION=\"2.2\" -DHTTP_LIB=2 -g -c src/platforms/sdl/SDLUtility.cpp  -o obj-native/src/platforms/sdl/SDLUtility.o  -I/usr/include/SDL2 -I/usr/local/include -D_REENTRANT 
clang++   -O3   -DPEBL_MIXER   -DPEBL_HTTP    -DPEBL_UNIX -DPEBL_LINUX -DENABLE_BINRELOC -DPREFIX=/usr/local/ -DEXECNAME=pebl2 -DPEBLNAME=pebl2 -DPEBLDIRNAME="pebl2" -DPEBL_VERSION=\"2.2\" -DHTTP_LIB=2 -g -c src/platforms/sdl/PlatformEventQueue.cpp  -o obj-native/src/platforms/sdl/PlatformEventQueue.o  -I/usr/include/SDL2 -I/usr/local/include -D_REENTRANT 
clang++   -O3   -DPEBL_MIXER   -DPEBL_HTTP    -DPEBL_UNIX -DPEBL_LINUX -DENABLE_BINRELOC -DPREFIX=/usr/local/ -DEXECNAME=pebl2 -DPEBLNAME=pebl2 -DPEBLDIRNAME="pebl2" -DPEBL_VERSION=\"2.2\" -DHTTP_LIB=2 -g -c src/platforms/sdl/PlatformAudioOut.cpp  -o obj-native/src/platforms/sdl/PlatformAudioOut.o  -I/usr/include/SDL2 -I/usr/local/include -D_REENTRANT 
clang++   -O3   -DPEBL_MIXER   -DPEBL_HTTP    -DPEBL_UNIX -DPEBL_LINUX -DENABLE_BINRELOC -DPREFIX=/usr/local/ -DEXECNAME=pebl2 -DPEBLNAME=pebl2 -DPEBLDIRNAME="pebl2" -DPEBL_VERSION=\"2.2\" -DHTTP_LIB=2 -g -c src/platforms/sdl/PlatformNetwork.cpp  -o obj-native/src/platforms/sdl/PlatformNetwork.o  -I/usr/include/SDL2 -I/usr/local/include -D_REENTRANT 
clang++   -O3   -DPEBL_MIXER   -DPEBL_HTTP    -DPEBL_UNIX -DPEBL_LINUX -DENABLE_BINRELOC -DPREFIX=/usr/local/ -DEXECNAME=pebl2 -DPEBLNAME=pebl2 -DPEBLDIRNAME="pebl2" -DPEBL_VERSION=\"2.2\" -DHTTP_LIB=2 -g -c src/platforms/sdl/PlatformJoystick.cpp  -o obj-native/src/platforms/sdl/PlatformJoystick.o  -I/usr/include/SDL2 -I/usr/local/include -D_REENTRANT 
clang++ -O3   -DPEBL_MIXER   -DPEBL_HTTP    -DPEBL_UNIX -DPEBL_LINUX -DENABLE_BINRELOC -DPREFIX=/usr/local/ -DEXECNAME=pebl2 -DPEBLNAME=pebl2 -DPEBLDIRNAME="pebl2" -DPEBL_VERSION=\"2.2\" -DHTTP_LIB=2 -Wall -Wl,-rpath -Wl,LIBDIR -DPEBL_DEBUG -g -DSDL2_DELETE=1 \
-Wno-write-strings \
-DPEBL_LINUX \
-I/usr/include/SDL2 -I/usr/local/include -D_REENTRANT -g	\
-o bin/pebl2 \
src/base/lex.yy.c src/utility/rs232.c  \
 obj-native/src/apps/PEBL.o  obj-native/src/base/Evaluator.o  obj-native/src/base/FunctionMap.o  obj-native/src/base/grammar.tab.o  obj-native/src/base/PEBLObject.o  obj-native/src/base/Loader.o  obj-native/src/base/PComplexData.o  obj-native/src/base/PList.o  obj-native/src/base/PNode.o  obj-native/src/base/VariableMap.o  obj-native/src/base/Variant.o  obj-native/src/devices/PEventLoop.o  obj-native/src/devices/PDevice.o  obj-native/src/devices/PEventQueue.o  obj-native/src/devices/PEvent.o  obj-native/src/devices/PKeyboard.o  obj-native/src/devices/PTimer.o  obj-native/src/devices/DeviceState.o  obj-native/src/devices/PStream.o  obj-native/src/devices/PAudioOut.o  obj-native/src/devices/PNetwork.o  obj-native/src/devices/PJoystick.o  obj-native/src/devices/PParallelPort.o  obj-native/src/devices/PComPort.o  obj-native/src/devices/PEyeTracker.o  obj-native/src/libs/PEBLMath.o  obj-native/src/libs/PEBLStream.o  obj-native/src/libs/PEBLObjects.o  obj-native/src/libs/PEBLEnvironment.o  obj-native/src/libs/PEBLList.o  obj-native/src/libs/PEBLString.o  obj-native/src/objects/PEnvironment.o  obj-native/src/objects/PWidget.o  obj-native/src/objects/PWindow.o  obj-native/src/objects/PImageBox.o  obj-native/src/objects/PCanvas.o  obj-native/src/objects/PColor.o  obj-native/src/objects/PDrawObject.o  obj-native/src/objects/PFont.o  obj-native/src/objects/PTextObject.o  obj-native/src/objects/PLabel.o  obj-native/src/objects/PTextBox.o  obj-native/src/objects/PMovie.o  obj-native/src/objects/PCustomObject.o  obj-native/src/utility/PEBLUtility.o  obj-native/src/utility/PError.o  obj-native/src/utility/BinReloc.o  obj-native/src/utility/PEBLPath.o  obj-native/src/utility/PEBLHTTP.o  obj-native/src/utility/md5.o  obj-native/src/utility/happyhttp.o  obj-native/src/platforms/sdl/PlatformEnvironment.o  obj-native/src/platforms/sdl/PlatformWidget.o  obj-native/src/platforms/sdl/PlatformWindow.o  obj-native/src/platforms/sdl/PlatformImageBox.o  obj-native/src/platforms/sdl/PlatformKeyboard.o  obj-native/src/platforms/sdl/PlatformFont.o  obj-native/src/platforms/sdl/PlatformLabel.o  obj-native/src/platforms/sdl/PlatformTextBox.o  obj-native/src/platforms/sdl/PlatformTimer.o  obj-native/src/platforms/sdl/PlatformDrawObject.o  obj-native/src/platforms/sdl/PlatformCanvas.o  obj-native/src/platforms/sdl/SDLUtility.o  obj-native/src/platforms/sdl/PlatformEventQueue.o  obj-native/src/platforms/sdl/PlatformAudioOut.o  obj-native/src/platforms/sdl/PlatformNetwork.o  obj-native/src/platforms/sdl/PlatformJoystick.o \
-lSDL2 -lpthread -lSDL2_image -lSDL2_net -lSDL2_ttf -lSDL2_gfx  \
-lpng    -lSDL2_mixer   -lcurl	 
clang++: warning: treating 'c' input as 'c++' when in C++ mode, this behavior is deprecated [-Wdeprecated]
clang++: warning: treating 'c' input as 'c++' when in C++ mode, this behavior is deprecated [-Wdeprecated]
/usr/bin/ld: /tmp/lex-dbdc8d.o: in function `yylex()':
/home/smueller/Dropbox/Research/pebl/pebl/src/base/Pebl.l:(.text+0xd78): undefined reference to `yyerror(char*)'
clang++: error: linker command failed with exit code 1 (use -v to see invocation)
make[1]: *** [Makefile:475: main-real] Error 1
make[1]: Leaving directory '/home/smueller/Dropbox/Research/pebl/pebl'
make: *** [Makefile:65: main] Error 2
